Copyright 1986-2022 Xilinx, Inc. All Rights Reserved.
---------------------------------------------------------------------------------------
| Tool Version : Vivado v.2022.2 (win64) Build 3671981 Fri Oct 14 05:00:03 MDT 2022
| Date         : Sun Jun 21 16:23:29 2026
| Host         : DESKTOP-FP706UU running 64-bit major release  (build 9200)
| Command      : report_timing_summary -file C:/TPU/TPU/reports/giap_matrix_timing.rpt
| Design       : Microprocessor
| Device       : 7z100-ffv900
| Speed File   : -2  PRODUCTION 1.12 2019-11-22
---------------------------------------------------------------------------------------

Timing Summary Report

------------------------------------------------------------------------------------------------
| Timer Settings
| --------------
------------------------------------------------------------------------------------------------

  Enable Multi Corner Analysis               :  Yes
  Enable Pessimism Removal                   :  Yes
  Pessimism Removal Resolution               :  Nearest Common Node
  Enable Input Delay Default Clock           :  No
  Enable Preset / Clear Arcs                 :  No
  Disable Flight Delays                      :  No
  Ignore I/O Paths                           :  No
  Timing Early Launch at Borrowing Latches   :  No
  Borrow Time for Max Delay Exceptions       :  Yes
  Merge Timing Exceptions                    :  Yes

  Corner  Analyze    Analyze    
  Name    Max Paths  Min Paths  
  ------  ---------  ---------  
  Slow    Yes        Yes        
  Fast    Yes        Yes        


------------------------------------------------------------------------------------------------
| Report Methodology
| ------------------
------------------------------------------------------------------------------------------------

No report available as report_methodology has not been run prior. Run report_methodology on the current design for the summary of methodology violations.



check_timing report

Table of Contents
-----------------
1. checking no_clock (71)
2. checking constant_clock (0)
3. checking pulse_width_clock (0)
4. checking unconstrained_internal_endpoints (33)
5. checking no_input_delay (50)
6. checking no_output_delay (355)
7. checking multiple_clock (0)
8. checking generated_clocks (0)
9. checking loops (0)
10. checking partial_input_delay (0)
11. checking partial_output_delay (0)
12. checking latch_loops (0)

1. checking no_clock (71)
-------------------------
 There are 32 register/latch pins with no clock driven by root clock pin: rst (HIGH)

 There is 1 register/latch pin with no clock driven by root clock pin: u_core/u_fetchpipeline/instruc_reg[0]/Q (HIGH)

 There is 1 register/latch pin with no clock driven by root clock pin: u_core/u_fetchpipeline/instruc_reg[1]/Q (HIGH)

 There is 1 register/latch pin with no clock driven by root clock pin: u_core/u_fetchpipeline/instruc_reg[2]/Q (HIGH)

 There is 1 register/latch pin with no clock driven by root clock pin: u_core/u_fetchpipeline/instruc_reg[3]/Q (HIGH)

 There is 1 register/latch pin with no clock driven by root clock pin: u_core/u_fetchpipeline/instruc_reg[4]/Q (HIGH)

 There is 1 register/latch pin with no clock driven by root clock pin: u_core/u_fetchpipeline/instruc_reg[5]/Q (HIGH)

 There is 1 register/latch pin with no clock driven by root clock pin: u_core/u_fetchpipeline/instruc_reg[6]/Q (HIGH)

 There is 1 register/latch pin with no clock driven by root clock pin: u_core/u_fetchstage/u_pc0/address_out_reg[0]/Q (HIGH)

 There is 1 register/latch pin with no clock driven by root clock pin: u_core/u_fetchstage/u_pc0/address_out_reg[10]/Q (HIGH)

 There is 1 register/latch pin with no clock driven by root clock pin: u_core/u_fetchstage/u_pc0/address_out_reg[11]/Q (HIGH)

 There is 1 register/latch pin with no clock driven by root clock pin: u_core/u_fetchstage/u_pc0/address_out_reg[12]/Q (HIGH)

 There is 1 register/latch pin with no clock driven by root clock pin: u_core/u_fetchstage/u_pc0/address_out_reg[13]/Q (HIGH)

 There is 1 register/latch pin with no clock driven by root clock pin: u_core/u_fetchstage/u_pc0/address_out_reg[14]/Q (HIGH)

 There is 1 register/latch pin with no clock driven by root clock pin: u_core/u_fetchstage/u_pc0/address_out_reg[15]/Q (HIGH)

 There is 1 register/latch pin with no clock driven by root clock pin: u_core/u_fetchstage/u_pc0/address_out_reg[16]/Q (HIGH)

 There is 1 register/latch pin with no clock driven by root clock pin: u_core/u_fetchstage/u_pc0/address_out_reg[17]/Q (HIGH)

 There is 1 register/latch pin with no clock driven by root clock pin: u_core/u_fetchstage/u_pc0/address_out_reg[18]/Q (HIGH)

 There is 1 register/latch pin with no clock driven by root clock pin: u_core/u_fetchstage/u_pc0/address_out_reg[19]/Q (HIGH)

 There is 1 register/latch pin with no clock driven by root clock pin: u_core/u_fetchstage/u_pc0/address_out_reg[1]/Q (HIGH)

 There is 1 register/latch pin with no clock driven by root clock pin: u_core/u_fetchstage/u_pc0/address_out_reg[20]/Q (HIGH)

 There is 1 register/latch pin with no clock driven by root clock pin: u_core/u_fetchstage/u_pc0/address_out_reg[21]/Q (HIGH)

 There is 1 register/latch pin with no clock driven by root clock pin: u_core/u_fetchstage/u_pc0/address_out_reg[22]/Q (HIGH)

 There is 1 register/latch pin with no clock driven by root clock pin: u_core/u_fetchstage/u_pc0/address_out_reg[23]/Q (HIGH)

 There is 1 register/latch pin with no clock driven by root clock pin: u_core/u_fetchstage/u_pc0/address_out_reg[24]/Q (HIGH)

 There is 1 register/latch pin with no clock driven by root clock pin: u_core/u_fetchstage/u_pc0/address_out_reg[25]/Q (HIGH)

 There is 1 register/latch pin with no clock driven by root clock pin: u_core/u_fetchstage/u_pc0/address_out_reg[26]/Q (HIGH)

 There is 1 register/latch pin with no clock driven by root clock pin: u_core/u_fetchstage/u_pc0/address_out_reg[27]/Q (HIGH)

 There is 1 register/latch pin with no clock driven by root clock pin: u_core/u_fetchstage/u_pc0/address_out_reg[28]/Q (HIGH)

 There is 1 register/latch pin with no clock driven by root clock pin: u_core/u_fetchstage/u_pc0/address_out_reg[29]/Q (HIGH)

 There is 1 register/latch pin with no clock driven by root clock pin: u_core/u_fetchstage/u_pc0/address_out_reg[2]/Q (HIGH)

 There is 1 register/latch pin with no clock driven by root clock pin: u_core/u_fetchstage/u_pc0/address_out_reg[30]/Q (HIGH)

 There is 1 register/latch pin with no clock driven by root clock pin: u_core/u_fetchstage/u_pc0/address_out_reg[31]/Q (HIGH)

 There is 1 register/latch pin with no clock driven by root clock pin: u_core/u_fetchstage/u_pc0/address_out_reg[3]/Q (HIGH)

 There is 1 register/latch pin with no clock driven by root clock pin: u_core/u_fetchstage/u_pc0/address_out_reg[4]/Q (HIGH)

 There is 1 register/latch pin with no clock driven by root clock pin: u_core/u_fetchstage/u_pc0/address_out_reg[5]/Q (HIGH)

 There is 1 register/latch pin with no clock driven by root clock pin: u_core/u_fetchstage/u_pc0/address_out_reg[6]/Q (HIGH)

 There is 1 register/latch pin with no clock driven by root clock pin: u_core/u_fetchstage/u_pc0/address_out_reg[7]/Q (HIGH)

 There is 1 register/latch pin with no clock driven by root clock pin: u_core/u_fetchstage/u_pc0/address_out_reg[8]/Q (HIGH)

 There is 1 register/latch pin with no clock driven by root clock pin: u_core/u_fetchstage/u_pc0/address_out_reg[9]/Q (HIGH)


2. checking constant_clock (0)
------------------------------
 There are 0 register/latch pins with constant_clock.


3. checking pulse_width_clock (0)
---------------------------------
 There are 0 register/latch pins which need pulse_width check


4. checking unconstrained_internal_endpoints (33)
-------------------------------------------------
 There are 33 pins that are not constrained for maximum delay. (HIGH)

 There are 0 pins that are not constrained for maximum delay due to constant clock.


5. checking no_input_delay (50)
-------------------------------
 There are 50 input ports with no input delay specified. (HIGH)

 There are 0 input ports with no input delay but user has a false path constraint.


6. checking no_output_delay (355)
---------------------------------
 There are 355 ports with no output delay specified. (HIGH)

 There are 0 ports with no output delay but user has a false path constraint

 There are 0 ports with no output delay but with a timing clock defined on it or propagating through it


7. checking multiple_clock (0)
------------------------------
 There are 0 register/latch pins with multiple clocks.


8. checking generated_clocks (0)
--------------------------------
 There are 0 generated clocks that are not connected to a clock source.


9. checking loops (0)
---------------------
 There are 0 combinational loops in the design.


10. checking partial_input_delay (0)
------------------------------------
 There are 0 input ports with partial input delay specified.


11. checking partial_output_delay (0)
-------------------------------------
 There are 0 ports with partial output delay specified.


12. checking latch_loops (0)
----------------------------
 There are 0 combinational latch loops in the design through latch input



------------------------------------------------------------------------------------------------
| Design Timing Summary
| ---------------------
------------------------------------------------------------------------------------------------

    WNS(ns)      TNS(ns)  TNS Failing Endpoints  TNS Total Endpoints      WHS(ns)      THS(ns)  THS Failing Endpoints  THS Total Endpoints     WPWS(ns)     TPWS(ns)  TPWS Failing Endpoints  TPWS Total Endpoints  
    -------      -------  ---------------------  -------------------      -------      -------  ---------------------  -------------------     --------     --------  ----------------------  --------------------  
      2.421        0.000                      0                10735       -0.057      -19.698                    956                10735        4.232        0.000                       0                  4715  


Timing constraints are not met.


------------------------------------------------------------------------------------------------
| Clock Summary
| -------------
------------------------------------------------------------------------------------------------

Clock  Waveform(ns)       Period(ns)      Frequency(MHz)
-----  ------------       ----------      --------------
clk    {0.000 5.000}      10.000          100.000         


------------------------------------------------------------------------------------------------
| Intra Clock Table
| -----------------
------------------------------------------------------------------------------------------------

Clock             WNS(ns)      TNS(ns)  TNS Failing Endpoints  TNS Total Endpoints      WHS(ns)      THS(ns)  THS Failing Endpoints  THS Total Endpoints     WPWS(ns)     TPWS(ns)  TPWS Failing Endpoints  TPWS Total Endpoints  
-----             -------      -------  ---------------------  -------------------      -------      -------  ---------------------  -------------------     --------     --------  ----------------------  --------------------  
clk                 2.421        0.000                      0                10118       -0.057      -19.698                    956                10118        4.232        0.000                       0                  4715  


------------------------------------------------------------------------------------------------
| Inter Clock Table
| -----------------
------------------------------------------------------------------------------------------------

From Clock    To Clock          WNS(ns)      TNS(ns)  TNS Failing Endpoints  TNS Total Endpoints      WHS(ns)      THS(ns)  THS Failing Endpoints  THS Total Endpoints  
----------    --------          -------      -------  ---------------------  -------------------      -------      -------  ---------------------  -------------------  


------------------------------------------------------------------------------------------------
| Other Path Groups Table
| -----------------------
------------------------------------------------------------------------------------------------

Path Group         From Clock         To Clock               WNS(ns)      TNS(ns)  TNS Failing Endpoints  TNS Total Endpoints      WHS(ns)      THS(ns)  THS Failing Endpoints  THS Total Endpoints  
----------         ----------         --------               -------      -------  ---------------------  -------------------      -------      -------  ---------------------  -------------------  
**async_default**  clk                clk                      8.094        0.000                      0                  617        0.355        0.000                      0                  617  


------------------------------------------------------------------------------------------------
| Timing Details
| --------------
------------------------------------------------------------------------------------------------


---------------------------------------------------------------------------------------------------
From Clock:  clk
  To Clock:  clk

Setup :            0  Failing Endpoints,  Worst Slack        2.421ns,  Total Violation        0.000ns
Hold  :          956  Failing Endpoints,  Worst Slack       -0.057ns,  Total Violation      -19.698ns
PW    :            0  Failing Endpoints,  Worst Slack        4.232ns,  Total Violation        0.000ns
---------------------------------------------------------------------------------------------------


Max Delay Paths
--------------------------------------------------------------------------------------
Slack (MET) :             2.421ns  (required time - arrival time)
  Source:                 u_core/u_executepipeline/tile_type_reg[0]/C
                            (rising edge-triggered cell FDCE clocked by clk  {rise@0.000ns fall@5.000ns period=10.000ns})
  Destination:            u_core/u_tls_fsm/mem_addr_reg[29]/D
                            (rising edge-triggered cell FDRE clocked by clk  {rise@0.000ns fall@5.000ns period=10.000ns})
  Path Group:             clk
  Path Type:              Setup (Max at Slow Process Corner)
  Requirement:            10.000ns  (clk rise@10.000ns - clk rise@0.000ns)
  Data Path Delay:        7.448ns  (logic 5.461ns (73.322%)  route 1.987ns (26.678%))
  Logic Levels:           10  (CARRY4=4 DSP48E1=2 LUT2=1 LUT3=1 LUT4=2)
  Clock Path Skew:        -0.145ns (DCD - SCD + CPR)
    Destination Clock Delay (DCD):    1.593ns = ( 11.593 - 10.000 ) 
    Source Clock Delay      (SCD):    1.844ns
    Clock Pessimism Removal (CPR):    0.106ns
  Clock Uncertainty:      0.035ns  ((TSJ^2 + TIJ^2)^1/2 + DJ) / 2 + PE
    Total System Jitter     (TSJ):    0.071ns
    Total Input Jitter      (TIJ):    0.000ns
    Discrete Jitter          (DJ):    0.000ns
    Phase Error              (PE):    0.000ns

    Location             Delay type                Incr(ns)  Path(ns)    Netlist Resource(s)
  -------------------------------------------------------------------    -------------------
                         (clock clk rise edge)        0.000     0.000 r  
                                                      0.000     0.000 r  clk (IN)
                         net (fo=0)                   0.000     0.000    clk
                         IBUF (Prop_ibuf_I_O)         0.747     0.747 r  clk_IBUF_inst/O
                         net (fo=1, unplaced)         0.419     1.167    clk_IBUF
                         BUFG (Prop_bufg_I_O)         0.093     1.260 r  clk_IBUF_BUFG_inst/O
                         net (fo=4720, unplaced)      0.584     1.844    u_core/u_executepipeline/clk_IBUF_BUFG
                         FDCE                                         r  u_core/u_executepipeline/tile_type_reg[0]/C
  -------------------------------------------------------------------    -------------------
                         FDCE (Prop_fdce_C_Q)         0.223     2.067 r  u_core/u_executepipeline/tile_type_reg[0]/Q
                         net (fo=99, unplaced)        0.515     2.582    u_core/u_executepipeline/tile_type_memstage[0]
                         LUT4 (Prop_lut4_I1_O)        0.123     2.705 r  u_core/u_executepipeline/p_1_out__3_i_1/O
                         net (fo=1, unplaced)         0.419     3.124    u_core/u_tls_fsm/p_1_out__3_0[16]
                         DSP48E1 (Prop_dsp48e1_A[16]_PCOUT[47])
                                                      2.879     6.003 r  u_core/u_tls_fsm/p_1_out__3/PCOUT[47]
                         net (fo=1, unplaced)         0.050     6.053    u_core/u_tls_fsm/p_1_out__3_n_106
                         DSP48E1 (Prop_dsp48e1_PCIN[47]_P[0])
                                                      1.077     7.130 r  u_core/u_tls_fsm/p_1_out__4/P[0]
                         net (fo=2, unplaced)         0.419     7.549    u_core/u_tls_fsm/p_1_out__4_n_105
                         LUT2 (Prop_lut2_I0_O)        0.043     7.592 r  u_core/u_tls_fsm/mem_addr[23]_i_17/O
                         net (fo=1, unplaced)         0.000     7.592    u_core/u_tls_fsm/mem_addr[23]_i_17_n_0
                         CARRY4 (Prop_carry4_S[1]_CO[3])
                                                      0.267     7.859 r  u_core/u_tls_fsm/mem_addr_reg[23]_i_11/CO[3]
                         net (fo=1, unplaced)         0.007     7.866    u_core/u_tls_fsm/mem_addr_reg[23]_i_11_n_0
                         CARRY4 (Prop_carry4_CI_O[3])
                                                      0.155     8.021 r  u_core/u_tls_fsm/mem_addr_reg[27]_i_11/O[3]
                         net (fo=2, unplaced)         0.302     8.323    u_core/u_tls_fsm/p_1_out__5[23]
                         LUT3 (Prop_lut3_I2_O)        0.127     8.450 r  u_core/u_tls_fsm/mem_addr[27]_i_5/O
                         net (fo=2, unplaced)         0.274     8.724    u_core/u_tls_fsm/mem_addr[27]_i_5_n_0
                         LUT4 (Prop_lut4_I3_O)        0.135     8.859 r  u_core/u_tls_fsm/mem_addr[27]_i_9/O
                         net (fo=1, unplaced)         0.000     8.859    u_core/u_tls_fsm/mem_addr[27]_i_9_n_0
                         CARRY4 (Prop_carry4_S[0]_CO[3])
                                                      0.259     9.118 r  u_core/u_tls_fsm/mem_addr_reg[27]_i_1/CO[3]
                         net (fo=1, unplaced)         0.000     9.118    u_core/u_tls_fsm/mem_addr_reg[27]_i_1_n_0
                         CARRY4 (Prop_carry4_CI_O[1])
                                                      0.173     9.291 r  u_core/u_tls_fsm/mem_addr_reg[31]_i_2/O[1]
                         net (fo=1, unplaced)         0.000     9.291    u_core/u_tls_fsm/mem_addr0_in[29]
                         FDRE                                         r  u_core/u_tls_fsm/mem_addr_reg[29]/D
  -------------------------------------------------------------------    -------------------

                         (clock clk rise edge)       10.000    10.000 r  
                                                      0.000    10.000 r  clk (IN)
                         net (fo=0)                   0.000    10.000    clk
                         IBUF (Prop_ibuf_I_O)         0.672    10.672 r  clk_IBUF_inst/O
                         net (fo=1, unplaced)         0.398    11.071    clk_IBUF
                         BUFG (Prop_bufg_I_O)         0.083    11.154 r  clk_IBUF_BUFG_inst/O
                         net (fo=4720, unplaced)      0.439    11.593    u_core/u_tls_fsm/clk_IBUF_BUFG
                         FDRE                                         r  u_core/u_tls_fsm/mem_addr_reg[29]/C
                         clock pessimism              0.106    11.699    
                         clock uncertainty           -0.035    11.663    
                         FDRE (Setup_fdre_C_D)        0.049    11.712    u_core/u_tls_fsm/mem_addr_reg[29]
  -------------------------------------------------------------------
                         required time                         11.712    
                         arrival time                          -9.291    
  -------------------------------------------------------------------
                         slack                                  2.421    





Min Delay Paths
--------------------------------------------------------------------------------------
Slack (VIOLATED) :        -0.057ns  (arrival time - required time)
  Source:                 u_core/u_tmm/loader_pipe_A_dest_reg[1]/C
                            (rising edge-triggered cell FDRE clocked by clk  {rise@0.000ns fall@5.000ns period=10.000ns})
  Destination:            u_core/u_tmm/TF_A_reg_0_31_0_5/RAMA/WADR1
                            (rising edge-triggered cell RAMD32 clocked by clk  {rise@0.000ns fall@5.000ns period=10.000ns})
  Path Group:             clk
  Path Type:              Hold (Min at Fast Process Corner)
  Requirement:            0.000ns  (clk rise@0.000ns - clk rise@0.000ns)
  Data Path Delay:        0.346ns  (logic 0.100ns (28.863%)  route 0.246ns (71.137%))
  Logic Levels:           0  
  Clock Path Skew:        0.145ns (DCD - SCD - CPR)
    Destination Clock Delay (DCD):    0.845ns
    Source Clock Delay      (SCD):    0.437ns
    Clock Pessimism Removal (CPR):    0.263ns

    Location             Delay type                Incr(ns)  Path(ns)    Netlist Resource(s)
  -------------------------------------------------------------------    -------------------
                         (clock clk rise edge)        0.000     0.000 r  
                                                      0.000     0.000 r  clk (IN)
                         net (fo=0)                   0.000     0.000    clk
                         IBUF (Prop_ibuf_I_O)         0.089     0.089 r  clk_IBUF_inst/O
                         net (fo=1, unplaced)         0.208     0.297    clk_IBUF
                         BUFG (Prop_bufg_I_O)         0.026     0.323 r  clk_IBUF_BUFG_inst/O
                         net (fo=4720, unplaced)      0.114     0.437    u_core/u_tmm/clk_IBUF_BUFG
                         FDRE                                         r  u_core/u_tmm/loader_pipe_A_dest_reg[1]/C
  -------------------------------------------------------------------    -------------------
                         FDRE (Prop_fdre_C_Q)         0.100     0.537 r  u_core/u_tmm/loader_pipe_A_dest_reg[1]/Q
                         net (fo=14, unplaced)        0.246     0.784    u_core/u_tmm/TF_A_reg_0_31_0_5/ADDRD1
                         RAMD32                                       r  u_core/u_tmm/TF_A_reg_0_31_0_5/RAMA/WADR1
  -------------------------------------------------------------------    -------------------

                         (clock clk rise edge)        0.000     0.000 r  
                                                      0.000     0.000 r  clk (IN)
                         net (fo=0)                   0.000     0.000    clk
                         IBUF (Prop_ibuf_I_O)         0.337     0.337 r  clk_IBUF_inst/O
                         net (fo=1, unplaced)         0.219     0.556    clk_IBUF
                         BUFG (Prop_bufg_I_O)         0.030     0.586 r  clk_IBUF_BUFG_inst/O
                         net (fo=4720, unplaced)      0.259     0.845    u_core/u_tmm/TF_A_reg_0_31_0_5/WCLK
                         RAMD32                                       r  u_core/u_tmm/TF_A_reg_0_31_0_5/RAMA/CLK
                         clock pessimism             -0.263     0.582    
                         RAMD32 (Hold_ramd32_CLK_WADR1)
                                                      0.258     0.840    u_core/u_tmm/TF_A_reg_0_31_0_5/RAMA
  -------------------------------------------------------------------
                         required time                         -0.840    
                         arrival time                           0.784    
  -------------------------------------------------------------------
                         slack                                 -0.057    





Pulse Width Checks
--------------------------------------------------------------------------------------
Clock Name:         clk
Waveform(ns):       { 0.000 5.000 }
Period(ns):         10.000
Sources:            { clk }

Check Type        Corner  Lib Pin             Reference Pin  Required(ns)  Actual(ns)  Slack(ns)  Location  Pin
Min Period        n/a     RAMB36E1/CLKARDCLK  n/a            2.095         10.000      7.905                u_core/u_decodestage/u_matrix_regfile/storage_a_reg_0/CLKARDCLK
Low Pulse Width   Slow    RAMD32/CLK          n/a            0.768         5.000       4.232                u_core/u_tmm/TF_A_reg_0_31_0_5/RAMA/CLK
High Pulse Width  Slow    RAMD32/CLK          n/a            0.768         5.000       4.232                u_core/u_tmm/TF_A_reg_0_31_0_5/RAMA/CLK



---------------------------------------------------------------------------------------------------
Path Group:  **async_default**
From Clock:  clk
  To Clock:  clk

Setup :            0  Failing Endpoints,  Worst Slack        8.094ns,  Total Violation        0.000ns
Hold  :            0  Failing Endpoints,  Worst Slack        0.355ns,  Total Violation        0.000ns
---------------------------------------------------------------------------------------------------


Max Delay Paths
--------------------------------------------------------------------------------------
Slack (MET) :             8.094ns  (required time - arrival time)
  Source:                 u_core/u_tsa/reset_tmm_reg/C
                            (rising edge-triggered cell FDRE clocked by clk  {rise@0.000ns fall@5.000ns period=10.000ns})
  Destination:            u_core/u_tmm/AB_TILEINDEX_reg[0]/CLR
                            (recovery check against rising-edge clock clk  {rise@0.000ns fall@5.000ns period=10.000ns})
  Path Group:             **async_default**
  Path Type:              Recovery (Max at Slow Process Corner)
  Requirement:            10.000ns  (clk rise@10.000ns - clk rise@0.000ns)
  Data Path Delay:        1.512ns  (logic 0.398ns (26.323%)  route 1.114ns (73.677%))
  Logic Levels:           2  (LUT1=1 LUT2=1)
  Clock Path Skew:        -0.145ns (DCD - SCD + CPR)
    Destination Clock Delay (DCD):    1.593ns = ( 11.593 - 10.000 ) 
    Source Clock Delay      (SCD):    1.844ns
    Clock Pessimism Removal (CPR):    0.106ns
  Clock Uncertainty:      0.035ns  ((TSJ^2 + TIJ^2)^1/2 + DJ) / 2 + PE
    Total System Jitter     (TSJ):    0.071ns
    Total Input Jitter      (TIJ):    0.000ns
    Discrete Jitter          (DJ):    0.000ns
    Phase Error              (PE):    0.000ns

    Location             Delay type                Incr(ns)  Path(ns)    Netlist Resource(s)
  -------------------------------------------------------------------    -------------------
                         (clock clk rise edge)        0.000     0.000 r  
                                                      0.000     0.000 r  clk (IN)
                         net (fo=0)                   0.000     0.000    clk
                         IBUF (Prop_ibuf_I_O)         0.747     0.747 r  clk_IBUF_inst/O
                         net (fo=1, unplaced)         0.419     1.167    clk_IBUF
                         BUFG (Prop_bufg_I_O)         0.093     1.260 r  clk_IBUF_BUFG_inst/O
                         net (fo=4720, unplaced)      0.584     1.844    u_core/u_tsa/clk_IBUF_BUFG
                         FDRE                                         r  u_core/u_tsa/reset_tmm_reg/C
  -------------------------------------------------------------------    -------------------
                         FDRE (Prop_fdre_C_Q)         0.223     2.067 r  u_core/u_tsa/reset_tmm_reg/Q
                         net (fo=2, unplaced)         0.278     2.345    u_core/u_tsa/reset_tmm
                         LUT2 (Prop_lut2_I0_O)        0.132     2.477 r  u_core/u_tsa/loader_pipe_A_dest[4]_i_3/O
                         net (fo=8, unplaced)         0.308     2.785    u_core/u_tsa/rst_n0
                         LUT1 (Prop_lut1_I0_O)        0.043     2.828 f  u_core/u_tsa/TILE_DONE_i_2/O
                         net (fo=553, unplaced)       0.528     3.356    u_core/u_tmm/FINISHED_reg_1
                         FDCE                                         f  u_core/u_tmm/AB_TILEINDEX_reg[0]/CLR
  -------------------------------------------------------------------    -------------------

                         (clock clk rise edge)       10.000    10.000 r  
                                                      0.000    10.000 r  clk (IN)
                         net (fo=0)                   0.000    10.000    clk
                         IBUF (Prop_ibuf_I_O)         0.672    10.672 r  clk_IBUF_inst/O
                         net (fo=1, unplaced)         0.398    11.071    clk_IBUF
                         BUFG (Prop_bufg_I_O)         0.083    11.154 r  clk_IBUF_BUFG_inst/O
                         net (fo=4720, unplaced)      0.439    11.593    u_core/u_tmm/clk_IBUF_BUFG
                         FDCE                                         r  u_core/u_tmm/AB_TILEINDEX_reg[0]/C
                         clock pessimism              0.106    11.699    
                         clock uncertainty           -0.035    11.663    
                         FDCE (Recov_fdce_C_CLR)     -0.214    11.449    u_core/u_tmm/AB_TILEINDEX_reg[0]
  -------------------------------------------------------------------
                         required time                         11.449    
                         arrival time                          -3.356    
  -------------------------------------------------------------------
                         slack                                  8.094    





Min Delay Paths
--------------------------------------------------------------------------------------
Slack (MET) :             0.355ns  (arrival time - required time)
  Source:                 u_core/u_fetchstage/u_pc0/address_out_reg[0]/C
                            (rising edge-triggered cell FDCE clocked by clk  {rise@0.000ns fall@5.000ns period=10.000ns})
  Destination:            u_core/u_fetchstage/u_pc0/pre_address_reg[0]_P/PRE
                            (removal check against rising-edge clock clk  {rise@0.000ns fall@5.000ns period=10.000ns})
  Path Group:             **async_default**
  Path Type:              Removal (Min at Fast Process Corner)
  Requirement:            0.000ns  (clk rise@0.000ns - clk rise@0.000ns)
  Data Path Delay:        0.426ns  (logic 0.164ns (38.473%)  route 0.262ns (61.527%))
  Logic Levels:           1  (LUT2=1)
  Clock Path Skew:        0.145ns (DCD - SCD - CPR)
    Destination Clock Delay (DCD):    0.845ns
    Source Clock Delay      (SCD):    0.437ns
    Clock Pessimism Removal (CPR):    0.263ns

    Location             Delay type                Incr(ns)  Path(ns)    Netlist Resource(s)
  -------------------------------------------------------------------    -------------------
                         (clock clk rise edge)        0.000     0.000 r  
                                                      0.000     0.000 r  clk (IN)
                         net (fo=0)                   0.000     0.000    clk
                         IBUF (Prop_ibuf_I_O)         0.089     0.089 r  clk_IBUF_inst/O
                         net (fo=1, unplaced)         0.208     0.297    clk_IBUF
                         BUFG (Prop_bufg_I_O)         0.026     0.323 r  clk_IBUF_BUFG_inst/O
                         net (fo=4720, unplaced)      0.114     0.437    u_core/u_fetchstage/u_pc0/clk_IBUF_BUFG
                         FDCE                                         r  u_core/u_fetchstage/u_pc0/address_out_reg[0]/C
  -------------------------------------------------------------------    -------------------
                         FDCE (Prop_fdce_C_Q)         0.100     0.537 f  u_core/u_fetchstage/u_pc0/address_out_reg[0]/Q
                         net (fo=6, unplaced)         0.148     0.686    u_core/u_fetchstage/u_pc0/Q[0]
                         LUT2 (Prop_lut2_I0_O)        0.064     0.750 f  u_core/u_fetchstage/u_pc0/pre_address_reg[0]_LDC_i_1/O
                         net (fo=2, unplaced)         0.114     0.864    u_core/u_fetchstage/u_pc0/pre_address_reg[0]_LDC_i_1_n_0
                         FDPE                                         f  u_core/u_fetchstage/u_pc0/pre_address_reg[0]_P/PRE
  -------------------------------------------------------------------    -------------------

                         (clock clk rise edge)        0.000     0.000 r  
                                                      0.000     0.000 r  clk (IN)
                         net (fo=0)                   0.000     0.000    clk
                         IBUF (Prop_ibuf_I_O)         0.337     0.337 r  clk_IBUF_inst/O
                         net (fo=1, unplaced)         0.219     0.556    clk_IBUF
                         BUFG (Prop_bufg_I_O)         0.030     0.586 r  clk_IBUF_BUFG_inst/O
                         net (fo=4720, unplaced)      0.259     0.845    u_core/u_fetchstage/u_pc0/clk_IBUF_BUFG
                         FDPE                                         r  u_core/u_fetchstage/u_pc0/pre_address_reg[0]_P/C
                         clock pessimism             -0.263     0.582    
                         FDPE (Remov_fdpe_C_PRE)     -0.074     0.508    u_core/u_fetchstage/u_pc0/pre_address_reg[0]_P
  -------------------------------------------------------------------
                         required time                         -0.508    
                         arrival time                           0.864    
  -------------------------------------------------------------------
                         slack                                  0.355    





