Copyright 1986-2022 Xilinx, Inc. All Rights Reserved.
------------------------------------------------------------------------------------
| Tool Version : Vivado v.2022.2 (win64) Build 3671981 Fri Oct 14 05:00:03 MDT 2022
| Date         : Sun Jun 21 16:39:18 2026
| Host         : DESKTOP-FP706UU running 64-bit major release  (build 9200)
| Command      : report_timing_summary -file reports/rv32i_matrix_timing.rpt
| Design       : rv32i_matrix_microprocessor
| Device       : 7z100-ffv900
| Speed File   : -2  PRODUCTION 1.12 2019-11-22
------------------------------------------------------------------------------------

Timing Summary Report

------------------------------------------------------------------------------------------------
| Timer Settings
| --------------
------------------------------------------------------------------------------------------------

  Enable Multi Corner Analysis               :  Yes
  Enable Pessimism Removal                   :  Yes
  Pessimism Removal Resolution               :  Nearest Common Node
  Enable Input Delay Default Clock           :  No
  Enable Preset / Clear Arcs                 :  No
  Disable Flight Delays                      :  No
  Ignore I/O Paths                           :  No
  Timing Early Launch at Borrowing Latches   :  No
  Borrow Time for Max Delay Exceptions       :  Yes
  Merge Timing Exceptions                    :  Yes

  Corner  Analyze    Analyze    
  Name    Max Paths  Min Paths  
  ------  ---------  ---------  
  Slow    Yes        Yes        
  Fast    Yes        Yes        


------------------------------------------------------------------------------------------------
| Report Methodology
| ------------------
------------------------------------------------------------------------------------------------

No report available as report_methodology has not been run prior. Run report_methodology on the current design for the summary of methodology violations.



check_timing report

Table of Contents
-----------------
1. checking no_clock (0)
2. checking constant_clock (0)
3. checking pulse_width_clock (0)
4. checking unconstrained_internal_endpoints (0)
5. checking no_input_delay (75)
6. checking no_output_delay (45)
7. checking multiple_clock (0)
8. checking generated_clocks (0)
9. checking loops (0)
10. checking partial_input_delay (0)
11. checking partial_output_delay (0)
12. checking latch_loops (0)

1. checking no_clock (0)
------------------------
 There are 0 register/latch pins with no clock.


2. checking constant_clock (0)
------------------------------
 There are 0 register/latch pins with constant_clock.


3. checking pulse_width_clock (0)
---------------------------------
 There are 0 register/latch pins which need pulse_width check


4. checking unconstrained_internal_endpoints (0)
------------------------------------------------
 There are 0 pins that are not constrained for maximum delay.

 There are 0 pins that are not constrained for maximum delay due to constant clock.


5. checking no_input_delay (75)
-------------------------------
 There are 75 input ports with no input delay specified. (HIGH)

 There are 0 input ports with no input delay but user has a false path constraint.


6. checking no_output_delay (45)
--------------------------------
 There are 45 ports with no output delay specified. (HIGH)

 There are 0 ports with no output delay but user has a false path constraint

 There are 0 ports with no output delay but with a timing clock defined on it or propagating through it


7. checking multiple_clock (0)
------------------------------
 There are 0 register/latch pins with multiple clocks.


8. checking generated_clocks (0)
--------------------------------
 There are 0 generated clocks that are not connected to a clock source.


9. checking loops (0)
---------------------
 There are 0 combinational loops in the design.


10. checking partial_input_delay (0)
------------------------------------
 There are 0 input ports with partial input delay specified.


11. checking partial_output_delay (0)
-------------------------------------
 There are 0 ports with partial output delay specified.


12. checking latch_loops (0)
----------------------------
 There are 0 combinational latch loops in the design through latch input



------------------------------------------------------------------------------------------------
| Design Timing Summary
| ---------------------
------------------------------------------------------------------------------------------------

    WNS(ns)      TNS(ns)  TNS Failing Endpoints  TNS Total Endpoints      WHS(ns)      THS(ns)  THS Failing Endpoints  THS Total Endpoints     WPWS(ns)     TPWS(ns)  TPWS Failing Endpoints  TPWS Total Endpoints  
    -------      -------  ---------------------  -------------------      -------      -------  ---------------------  -------------------     --------     --------  ----------------------  --------------------  
      1.980        0.000                      0                21762        0.018        0.000                      0                21762        4.650        0.000                       0                 10019  


All user specified timing constraints are met.


------------------------------------------------------------------------------------------------
| Clock Summary
| -------------
------------------------------------------------------------------------------------------------

Clock  Waveform(ns)       Period(ns)      Frequency(MHz)
-----  ------------       ----------      --------------
clk    {0.000 5.000}      10.000          100.000         


------------------------------------------------------------------------------------------------
| Intra Clock Table
| -----------------
------------------------------------------------------------------------------------------------

Clock             WNS(ns)      TNS(ns)  TNS Failing Endpoints  TNS Total Endpoints      WHS(ns)      THS(ns)  THS Failing Endpoints  THS Total Endpoints     WPWS(ns)     TPWS(ns)  TPWS Failing Endpoints  TPWS Total Endpoints  
-----             -------      -------  ---------------------  -------------------      -------      -------  ---------------------  -------------------     --------     --------  ----------------------  --------------------  
clk                 1.980        0.000                      0                21762        0.018        0.000                      0                21762        4.650        0.000                       0                 10019  


------------------------------------------------------------------------------------------------
| Inter Clock Table
| -----------------
------------------------------------------------------------------------------------------------

From Clock    To Clock          WNS(ns)      TNS(ns)  TNS Failing Endpoints  TNS Total Endpoints      WHS(ns)      THS(ns)  THS Failing Endpoints  THS Total Endpoints  
----------    --------          -------      -------  ---------------------  -------------------      -------      -------  ---------------------  -------------------  


------------------------------------------------------------------------------------------------
| Other Path Groups Table
| -----------------------
------------------------------------------------------------------------------------------------

Path Group    From Clock    To Clock          WNS(ns)      TNS(ns)  TNS Failing Endpoints  TNS Total Endpoints      WHS(ns)      THS(ns)  THS Failing Endpoints  THS Total Endpoints  
----------    ----------    --------          -------      -------  ---------------------  -------------------      -------      -------  ---------------------  -------------------  


------------------------------------------------------------------------------------------------
| Timing Details
| --------------
------------------------------------------------------------------------------------------------


---------------------------------------------------------------------------------------------------
From Clock:  clk
  To Clock:  clk

Setup :            0  Failing Endpoints,  Worst Slack        1.980ns,  Total Violation        0.000ns
Hold  :            0  Failing Endpoints,  Worst Slack        0.018ns,  Total Violation        0.000ns
PW    :            0  Failing Endpoints,  Worst Slack        4.650ns,  Total Violation        0.000ns
---------------------------------------------------------------------------------------------------


Max Delay Paths
--------------------------------------------------------------------------------------
Slack (MET) :             1.980ns  (required time - arrival time)
  Source:                 u_core/u_matrix/u_ew/alu_s640__1/CLK
                            (rising edge-triggered cell DSP48E1 clocked by clk  {rise@0.000ns fall@5.000ns period=10.000ns})
  Destination:            u_core/u_matrix/u_ew/result_q_reg[0]/D
                            (rising edge-triggered cell FDRE clocked by clk  {rise@0.000ns fall@5.000ns period=10.000ns})
  Path Group:             clk
  Path Type:              Setup (Max at Slow Process Corner)
  Requirement:            10.000ns  (clk rise@10.000ns - clk rise@0.000ns)
  Data Path Delay:        7.875ns  (logic 5.610ns (71.234%)  route 2.265ns (28.766%))
  Logic Levels:           17  (CARRY4=9 DSP48E1=1 LUT2=1 LUT6=6)
  Clock Path Skew:        -0.145ns (DCD - SCD + CPR)
    Destination Clock Delay (DCD):    1.593ns = ( 11.593 - 10.000 ) 
    Source Clock Delay      (SCD):    1.844ns
    Clock Pessimism Removal (CPR):    0.106ns
  Clock Uncertainty:      0.035ns  ((TSJ^2 + TIJ^2)^1/2 + DJ) / 2 + PE
    Total System Jitter     (TSJ):    0.071ns
    Total Input Jitter      (TIJ):    0.000ns
    Discrete Jitter          (DJ):    0.000ns
    Phase Error              (PE):    0.000ns

    Location             Delay type                Incr(ns)  Path(ns)    Netlist Resource(s)
  -------------------------------------------------------------------    -------------------
                         (clock clk rise edge)        0.000     0.000 r  
                                                      0.000     0.000 r  clk (IN)
                         net (fo=0)                   0.000     0.000    clk
                         IBUF (Prop_ibuf_I_O)         0.747     0.747 r  clk_IBUF_inst/O
                         net (fo=1, unplaced)         0.419     1.167    clk_IBUF
                         BUFG (Prop_bufg_I_O)         0.093     1.260 r  clk_IBUF_BUFG_inst/O
                         net (fo=10070, unplaced)     0.584     1.844    u_core/u_matrix/u_ew/clk_IBUF_BUFG
                         DSP48E1                                      r  u_core/u_matrix/u_ew/alu_s640__1/CLK
  -------------------------------------------------------------------    -------------------
                         DSP48E1 (Prop_dsp48e1_CLK_PCOUT[47])
                                                      3.001     4.845 r  u_core/u_matrix/u_ew/alu_s640__1/PCOUT[47]
                         net (fo=1, unplaced)         0.050     4.895    u_core/u_matrix/u_ew/alu_s640__1_n_106
                         DSP48E1 (Prop_dsp48e1_PCIN[47]_P[0])
                                                      1.077     5.972 r  u_core/u_matrix/u_ew/alu_s640__2/P[0]
                         net (fo=2, unplaced)         0.419     6.391    u_core/u_matrix/u_ew/alu_s640__2_n_105
                         LUT2 (Prop_lut2_I0_O)        0.043     6.434 r  u_core/u_matrix/u_ew/result_q[19]_i_23/O
                         net (fo=1, unplaced)         0.000     6.434    u_core/u_matrix/u_ew/result_q[19]_i_23_n_0
                         CARRY4 (Prop_carry4_S[1]_CO[3])
                                                      0.267     6.701 r  u_core/u_matrix/u_ew/result_q_reg[19]_i_14/CO[3]
                         net (fo=1, unplaced)         0.007     6.708    u_core/u_matrix/u_ew/result_q_reg[19]_i_14_n_0
                         CARRY4 (Prop_carry4_CI_CO[3])
                                                      0.053     6.761 r  u_core/u_matrix/u_ew/result_q_reg[31]_i_93/CO[3]
                         net (fo=1, unplaced)         0.000     6.761    u_core/u_matrix/u_ew/result_q_reg[31]_i_93_n_0
                         CARRY4 (Prop_carry4_CI_CO[3])
                                                      0.053     6.814 r  u_core/u_matrix/u_ew/result_q_reg[31]_i_42/CO[3]
                         net (fo=1, unplaced)         0.000     6.814    u_core/u_matrix/u_ew/result_q_reg[31]_i_42_n_0
                         CARRY4 (Prop_carry4_CI_O[2])
                                                      0.119     6.933 r  u_core/u_matrix/u_ew/result_q_reg[31]_i_16/O[2]
                         net (fo=1, unplaced)         0.407     7.340    u_core/u_matrix/u_ew/result_q_reg[31]_i_16_n_5
                         LUT6 (Prop_lut6_I3_O)        0.127     7.467 r  u_core/u_matrix/u_ew/result_q[30]_i_11/O
                         net (fo=1, unplaced)         0.270     7.737    u_core/u_matrix/u_ew/result_q[30]_i_11_n_0
                         LUT6 (Prop_lut6_I5_O)        0.043     7.780 r  u_core/u_matrix/u_ew/result_q[30]_i_6/O
                         net (fo=2, unplaced)         0.281     8.061    u_core/u_matrix/u_ew/result_q[30]_i_6_n_0
                         LUT6 (Prop_lut6_I4_O)        0.043     8.104 r  u_core/u_matrix/u_ew/result_q[31]_i_194/O
                         net (fo=2, unplaced)         0.281     8.385    u_core/u_matrix/u_ew/result_q[31]_i_194_n_0
                         LUT6 (Prop_lut6_I0_O)        0.043     8.428 r  u_core/u_matrix/u_ew/result_q[31]_i_154/O
                         net (fo=1, unplaced)         0.000     8.428    u_core/u_matrix/u_ew/result_q[31]_i_154_n_0
                         CARRY4 (Prop_carry4_S[0]_CO[3])
                                                      0.259     8.687 r  u_core/u_matrix/u_ew/result_q_reg[31]_i_105/CO[3]
                         net (fo=1, unplaced)         0.007     8.694    u_core/u_matrix/u_ew/result_q_reg[31]_i_105_n_0
                         CARRY4 (Prop_carry4_CI_CO[3])
                                                      0.053     8.747 r  u_core/u_matrix/u_ew/result_q_reg[31]_i_54/CO[3]
                         net (fo=1, unplaced)         0.000     8.747    u_core/u_matrix/u_ew/result_q_reg[31]_i_54_n_0
                         CARRY4 (Prop_carry4_CI_CO[3])
                                                      0.053     8.800 r  u_core/u_matrix/u_ew/result_q_reg[31]_i_19/CO[3]
                         net (fo=1, unplaced)         0.000     8.800    u_core/u_matrix/u_ew/result_q_reg[31]_i_19_n_0
                         CARRY4 (Prop_carry4_CI_CO[3])
                                                      0.053     8.853 r  u_core/u_matrix/u_ew/result_q_reg[31]_i_9/CO[3]
                         net (fo=1, unplaced)         0.000     8.853    u_core/u_matrix/u_ew/result_q_reg[31]_i_9_n_0
                         CARRY4 (Prop_carry4_CI_CO[0])
                                                      0.152     9.005 r  u_core/u_matrix/u_ew/result_q_reg[31]_i_3/CO[0]
                         net (fo=2, unplaced)         0.202     9.207    u_core/u_matrix/u_ew/result_q10_in
                         LUT6 (Prop_lut6_I5_O)        0.128     9.335 f  u_core/u_matrix/u_ew/result_q[31]_i_8/O
                         net (fo=32, unplaced)        0.341     9.676    u_core/u_matrix/u_ew/result_q[31]_i_8_n_0
                         LUT6 (Prop_lut6_I5_O)        0.043     9.719 r  u_core/u_matrix/u_ew/result_q[0]_i_1/O
                         net (fo=1, unplaced)         0.000     9.719    u_core/u_matrix/u_ew/p_2_in[0]
                         FDRE                                         r  u_core/u_matrix/u_ew/result_q_reg[0]/D
  -------------------------------------------------------------------    -------------------

                         (clock clk rise edge)       10.000    10.000 r  
                                                      0.000    10.000 r  clk (IN)
                         net (fo=0)                   0.000    10.000    clk
                         IBUF (Prop_ibuf_I_O)         0.672    10.672 r  clk_IBUF_inst/O
                         net (fo=1, unplaced)         0.398    11.071    clk_IBUF
                         BUFG (Prop_bufg_I_O)         0.083    11.154 r  clk_IBUF_BUFG_inst/O
                         net (fo=10070, unplaced)     0.439    11.593    u_core/u_matrix/u_ew/clk_IBUF_BUFG
                         FDRE                                         r  u_core/u_matrix/u_ew/result_q_reg[0]/C
                         clock pessimism              0.106    11.699    
                         clock uncertainty           -0.035    11.663    
                         FDRE (Setup_fdre_C_D)        0.036    11.699    u_core/u_matrix/u_ew/result_q_reg[0]
  -------------------------------------------------------------------
                         required time                         11.699    
                         arrival time                          -9.719    
  -------------------------------------------------------------------
                         slack                                  1.980    





Min Delay Paths
--------------------------------------------------------------------------------------
Slack (MET) :             0.018ns  (arrival time - required time)
  Source:                 u_core/u_fetchstage/u_pc0/address_out_reg[7]/C
                            (rising edge-triggered cell FDCE clocked by clk  {rise@0.000ns fall@5.000ns period=10.000ns})
  Destination:            u_instruction_memory/u_memory/mem_reg/ADDRARDADDR[10]
                            (rising edge-triggered cell RAMB18E1 clocked by clk  {rise@0.000ns fall@5.000ns period=10.000ns})
  Path Group:             clk
  Path Type:              Hold (Min at Fast Process Corner)
  Requirement:            0.000ns  (clk rise@0.000ns - clk rise@0.000ns)
  Data Path Delay:        0.308ns  (logic 0.100ns (32.466%)  route 0.208ns (67.534%))
  Logic Levels:           0  
  Clock Path Skew:        0.145ns (DCD - SCD - CPR)
    Destination Clock Delay (DCD):    0.845ns
    Source Clock Delay      (SCD):    0.437ns
    Clock Pessimism Removal (CPR):    0.263ns

    Location             Delay type                Incr(ns)  Path(ns)    Netlist Resource(s)
  -------------------------------------------------------------------    -------------------
                         (clock clk rise edge)        0.000     0.000 r  
                                                      0.000     0.000 r  clk (IN)
                         net (fo=0)                   0.000     0.000    clk
                         IBUF (Prop_ibuf_I_O)         0.089     0.089 r  clk_IBUF_inst/O
                         net (fo=1, unplaced)         0.208     0.297    clk_IBUF
                         BUFG (Prop_bufg_I_O)         0.026     0.323 r  clk_IBUF_BUFG_inst/O
                         net (fo=10070, unplaced)     0.114     0.437    u_core/u_fetchstage/u_pc0/clk_IBUF_BUFG
                         FDCE                                         r  u_core/u_fetchstage/u_pc0/address_out_reg[7]/C
  -------------------------------------------------------------------    -------------------
                         FDCE (Prop_fdce_C_Q)         0.100     0.537 r  u_core/u_fetchstage/u_pc0/address_out_reg[7]/Q
                         net (fo=4, unplaced)         0.208     0.745    u_instruction_memory/u_memory/address_out[5]
                         RAMB18E1                                     r  u_instruction_memory/u_memory/mem_reg/ADDRARDADDR[10]
  -------------------------------------------------------------------    -------------------

                         (clock clk rise edge)        0.000     0.000 r  
                                                      0.000     0.000 r  clk (IN)
                         net (fo=0)                   0.000     0.000    clk
                         IBUF (Prop_ibuf_I_O)         0.337     0.337 r  clk_IBUF_inst/O
                         net (fo=1, unplaced)         0.219     0.556    clk_IBUF
                         BUFG (Prop_bufg_I_O)         0.030     0.586 r  clk_IBUF_BUFG_inst/O
                         net (fo=10070, unplaced)     0.259     0.845    u_instruction_memory/u_memory/clk_IBUF_BUFG
                         RAMB18E1                                     r  u_instruction_memory/u_memory/mem_reg/CLKARDCLK
                         clock pessimism             -0.263     0.582    
                         RAMB18E1 (Hold_ramb18e1_CLKARDCLK_ADDRARDADDR[10])
                                                      0.145     0.727    u_instruction_memory/u_memory/mem_reg
  -------------------------------------------------------------------
                         required time                         -0.727    
                         arrival time                           0.745    
  -------------------------------------------------------------------
                         slack                                  0.018    





Pulse Width Checks
--------------------------------------------------------------------------------------
Clock Name:         clk
Waveform(ns):       { 0.000 5.000 }
Period(ns):         10.000
Sources:            { clk }

Check Type        Corner  Lib Pin             Reference Pin  Required(ns)  Actual(ns)  Slack(ns)  Location  Pin
Min Period        n/a     RAMB18E1/CLKARDCLK  n/a            2.095         10.000      7.905                u_data_memory/u_memory/mem_reg/CLKARDCLK
Low Pulse Width   Slow    FDCE/C              n/a            0.350         5.000       4.650                u_core/u_decodepipeline/alu_con_reg[0]/C
High Pulse Width  Slow    FDCE/C              n/a            0.350         5.000       4.650                u_core/u_decodepipeline/alu_con_reg[0]/C



